// Jest Snapshot v1, https://goo.gl/fbAQLP

exports[`Utils #help returns help 1`] = `
"*Queue and search*

\`\`\`
currentqueue|getqueue _______________ Display upcoming tracks
fullqueue ___________________________ Display all tracks currently in the queue
nowplaying|np _______________________ Display what's playing right now
queue|q <Spotify URI> _______________ Queue a track using a Spotify URI
search|s <your search string> _______ Search Spotify for a track
library|l <your search string> ______ Search in music library
\`\`\`

*Play control*
\`\`\`
clear ______________________ Reset playlist
mute _______________________ Mute
next _______________________ Skip one track forward
pause ______________________ Pause
play _______________________ Play
playtrack <trackNumber> ____ Play track number
previous ___________________ Go back one track
unmute _____________________ Unmute
volume <0-100> _____________ Set volume, if no number is provided displays current volume
\`\`\`

*Misc*
\`\`\`
blame _____________ Who added the track?
help ______________ Display this message
mostplayed ________ List the most played tracks
toplist ___________ List top Wejayers
\`\`\`

There's also some hidden easter eggs :hatching_chick:"
`;

exports[`Utils #unknownCommand returns unknownCommand 1`] = `
"Sorry, the command: *\\"some_command_that_should_not_exist\\"* is not available.
Type *\\"help\\"* in order to get all available commands! :face_with_monocle:"
`;
